[      35ms] [INFO] %cDownload the React DevTools for a better development experience: https://reactjs.org/link/react-devtools font-weight:bold @ http://localhost:5174/node_modules/.vite/deps/chunk-BH4GTE34.js?v=2e9432d4:21608
[   10060ms] TypeError: remove is not a function
    at p.remove (http://localhost:5174/node_modules/.vite/deps/chunk-ZNMTJLFV.js?v=2e9432d4:99:34)
    at http://localhost:5174/src/app/App.tsx?t=1779630539812:158:28
    at safelyCallDestroy (http://localhost:5174/node_modules/.vite/deps/chunk-BH4GTE34.js?v=2e9432d4:16796:13)
    at commitHookEffectListUnmount (http://localhost:5174/node_modules/.vite/deps/chunk-BH4GTE34.js?v=2e9432d4:16923:19)
    at commitPassiveUnmountOnFiber (http://localhost:5174/node_modules/.vite/deps/chunk-BH4GTE34.js?v=2e9432d4:18282:17)
    at commitPassiveUnmountEffects_complete (http://localhost:5174/node_modules/.vite/deps/chunk-BH4GTE34.js?v=2e9432d4:18263:15)
    at commitPassiveUnmountEffects_begin (http://localhost:5174/node_modules/.vite/deps/chunk-BH4GTE34.js?v=2e9432d4:18254:15)
    at commitPassiveUnmountEffects (http://localhost:5174/node_modules/.vite/deps/chunk-BH4GTE34.js?v=2e9432d4:18219:11)
    at flushPassiveEffectsImpl (http://localhost:5174/node_modules/.vite/deps/chunk-BH4GTE34.js?v=2e9432d4:19542:11)
    at flushPassiveEffects (http://localhost:5174/node_modules/.vite/deps/chunk-BH4GTE34.js?v=2e9432d4:19500:22)
[   89580ms] TypeError: remove is not a function
    at p.remove (http://localhost:5174/node_modules/.vite/deps/chunk-ZNMTJLFV.js?v=2e9432d4:99:34)
    at http://localhost:5174/src/app/App.tsx?t=1779630539812:158:28
    at safelyCallDestroy (http://localhost:5174/node_modules/.vite/deps/chunk-BH4GTE34.js?v=2e9432d4:16796:13)
    at commitHookEffectListUnmount (http://localhost:5174/node_modules/.vite/deps/chunk-BH4GTE34.js?v=2e9432d4:16923:19)
    at commitPassiveUnmountOnFiber (http://localhost:5174/node_modules/.vite/deps/chunk-BH4GTE34.js?v=2e9432d4:18282:17)
    at commitPassiveUnmountEffects_complete (http://localhost:5174/node_modules/.vite/deps/chunk-BH4GTE34.js?v=2e9432d4:18263:15)
    at commitPassiveUnmountEffects_begin (http://localhost:5174/node_modules/.vite/deps/chunk-BH4GTE34.js?v=2e9432d4:18254:15)
    at commitPassiveUnmountEffects (http://localhost:5174/node_modules/.vite/deps/chunk-BH4GTE34.js?v=2e9432d4:18219:11)
    at flushPassiveEffectsImpl (http://localhost:5174/node_modules/.vite/deps/chunk-BH4GTE34.js?v=2e9432d4:19542:11)
    at flushPassiveEffects (http://localhost:5174/node_modules/.vite/deps/chunk-BH4GTE34.js?v=2e9432d4:19500:22)
[   89783ms] [LOG] [Cleanup] Ignored saving because position was not yet restored for chapter 3337 @ http://localhost:5174/src/app/screens/ReadingScreen.tsx?t=1779630592773:420
[   89783ms] [LOG] Restoring position for chapter 3337 : undefined @ http://localhost:5174/src/app/screens/ReadingScreen.tsx?t=1779630592773:585
[   89843ms] [LOG] [ReadingScreen] Initializing media session for: Chương 1: Đấu La Đại Lục (1) @ http://localhost:5174/src/app/screens/ReadingScreen.tsx?t=1779630592773:233
[   89843ms] [LOG] [ReadingScreen] Capacitor platform: web @ http://localhost:5174/src/app/screens/ReadingScreen.tsx?t=1779630592773:234
[   89843ms] [LOG] [ReadingScreen] Is native: false @ http://localhost:5174/src/app/screens/ReadingScreen.tsx?t=1779630592773:235
[   89843ms] [LOG] Media Session initialized: {title: Chương 1: Đấu La Đại Lục (1), artist: Đấu La Đại Lục} @ http://localhost:5174/src/lib/mediaService.ts:32
[   89843ms] [LOG] Media Session handlers set @ http://localhost:5174/src/lib/mediaService.ts:48
[   89844ms] [LOG] [ReadingScreen] Skipping audio service (web platform or service unavailable) @ http://localhost:5174/src/app/screens/ReadingScreen.tsx?t=1779630592773:255
[   89848ms] [LOG] [Prefetch] Fetching chapter 2 @ http://localhost:5174/src/app/screens/ReadingScreen.tsx?t=1779630592773:362
[   89972ms] [LOG] [Prefetch] Cached chapter 2 @ http://localhost:5174/src/app/screens/ReadingScreen.tsx?t=1779630592773:367
[   89972ms] [LOG] [Prefetch] Fetching chapter 3 @ http://localhost:5174/src/app/screens/ReadingScreen.tsx?t=1779630592773:362
[   90090ms] [LOG] [Prefetch] Cached chapter 3 @ http://localhost:5174/src/app/screens/ReadingScreen.tsx?t=1779630592773:367
[   90090ms] [LOG] [Prefetch] Fetching chapter 4 @ http://localhost:5174/src/app/screens/ReadingScreen.tsx?t=1779630592773:362
[   90231ms] [LOG] [Prefetch] Cached chapter 4 @ http://localhost:5174/src/app/screens/ReadingScreen.tsx?t=1779630592773:367
[   90231ms] [LOG] [Prefetch] Fetching chapter 5 @ http://localhost:5174/src/app/screens/ReadingScreen.tsx?t=1779630592773:362
[   90346ms] [LOG] [Prefetch] Cached chapter 5 @ http://localhost:5174/src/app/screens/ReadingScreen.tsx?t=1779630592773:367
[   90346ms] [LOG] [Prefetch] Fetching chapter 6 @ http://localhost:5174/src/app/screens/ReadingScreen.tsx?t=1779630592773:362
[   90462ms] [LOG] [Prefetch] Cached chapter 6 @ http://localhost:5174/src/app/screens/ReadingScreen.tsx?t=1779630592773:367
[   90462ms] [LOG] [Prefetch] Fetching chapter 7 @ http://localhost:5174/src/app/screens/ReadingScreen.tsx?t=1779630592773:362
[   90583ms] [LOG] [Prefetch] Cached chapter 7 @ http://localhost:5174/src/app/screens/ReadingScreen.tsx?t=1779630592773:367
[   90583ms] [LOG] [Prefetch] Fetching chapter 8 @ http://localhost:5174/src/app/screens/ReadingScreen.tsx?t=1779630592773:362
[   90712ms] [LOG] [Prefetch] Cached chapter 8 @ http://localhost:5174/src/app/screens/ReadingScreen.tsx?t=1779630592773:367
[   90712ms] [LOG] [Prefetch] Fetching chapter 9 @ http://localhost:5174/src/app/screens/ReadingScreen.tsx?t=1779630592773:362
[   90836ms] [LOG] [Prefetch] Cached chapter 9 @ http://localhost:5174/src/app/screens/ReadingScreen.tsx?t=1779630592773:367
[   90836ms] [LOG] [Prefetch] Fetching chapter 10 @ http://localhost:5174/src/app/screens/ReadingScreen.tsx?t=1779630592773:362
[   90966ms] [LOG] [Prefetch] Cached chapter 10 @ http://localhost:5174/src/app/screens/ReadingScreen.tsx?t=1779630592773:367
[   90966ms] [LOG] [Prefetch] Fetching chapter 11 @ http://localhost:5174/src/app/screens/ReadingScreen.tsx?t=1779630592773:362
[   91079ms] [LOG] [Prefetch] Cached chapter 11 @ http://localhost:5174/src/app/screens/ReadingScreen.tsx?t=1779630592773:367
[   91713ms] [LOG] [handleScroll] Scrolled paragraph: 0 @ http://localhost:5174/src/app/screens/ReadingScreen.tsx?t=1779630592773:843
[   91719ms] [LOG] [handleScroll] Scrolled paragraph: 1 @ http://localhost:5174/src/app/screens/ReadingScreen.tsx?t=1779630592773:843
[   91736ms] [LOG] [handleScroll] Scrolled paragraph: 3 @ http://localhost:5174/src/app/screens/ReadingScreen.tsx?t=1779630592773:843
[   91743ms] [LOG] [handleScroll] Scrolled paragraph: 5 @ http://localhost:5174/src/app/screens/ReadingScreen.tsx?t=1779630592773:843
[   91754ms] [LOG] [handleScroll] Scrolled paragraph: 7 @ http://localhost:5174/src/app/screens/ReadingScreen.tsx?t=1779630592773:843
[   91761ms] [LOG] [handleScroll] Scrolled paragraph: 11 @ http://localhost:5174/src/app/screens/ReadingScreen.tsx?t=1779630592773:843
[   91767ms] [LOG] [handleScroll] Scrolled paragraph: 14 @ http://localhost:5174/src/app/screens/ReadingScreen.tsx?t=1779630592773:843
[   91773ms] [LOG] [handleScroll] Scrolled paragraph: 17 @ http://localhost:5174/src/app/screens/ReadingScreen.tsx?t=1779630592773:843
[   91785ms] [LOG] [handleScroll] Scrolled paragraph: 21 @ http://localhost:5174/src/app/screens/ReadingScreen.tsx?t=1779630592773:843
[   91786ms] [LOG] Auto-saving position for chapter 3337 : {paragraphIndex: 21, isPlaying: false, timestamp: 2026-05-24T13:50:51.323Z} @ http://localhost:5174/src/app/screens/ReadingScreen.tsx?t=1779630592773:410
[   91791ms] [LOG] [handleScroll] Scrolled paragraph: 30 @ http://localhost:5174/src/app/screens/ReadingScreen.tsx?t=1779630592773:843
[   91797ms] [LOG] [handleScroll] Scrolled paragraph: 41 @ http://localhost:5174/src/app/screens/ReadingScreen.tsx?t=1779630592773:843
[   91809ms] [LOG] [handleScroll] Scrolled paragraph: 48 @ http://localhost:5174/src/app/screens/ReadingScreen.tsx?t=1779630592773:843
[   91816ms] [LOG] [handleScroll] Scrolled paragraph: 53 @ http://localhost:5174/src/app/screens/ReadingScreen.tsx?t=1779630592773:843
[   91821ms] [LOG] [handleScroll] Scrolled paragraph: 55 @ http://localhost:5174/src/app/screens/ReadingScreen.tsx?t=1779630592773:843
[   91833ms] [LOG] [handleScroll] Scrolled paragraph: 60 @ http://localhost:5174/src/app/screens/ReadingScreen.tsx?t=1779630592773:843
[   91840ms] [LOG] [handleScroll] Scrolled paragraph: 63 @ http://localhost:5174/src/app/screens/ReadingScreen.tsx?t=1779630592773:843
[   91846ms] [LOG] [handleScroll] Scrolled paragraph: 68 @ http://localhost:5174/src/app/screens/ReadingScreen.tsx?t=1779630592773:843
[   91864ms] [LOG] [handleScroll] Scrolled paragraph: 74 @ http://localhost:5174/src/app/screens/ReadingScreen.tsx?t=1779630592773:843
[   91870ms] [LOG] [handleScroll] Scrolled paragraph: 77 @ http://localhost:5174/src/app/screens/ReadingScreen.tsx?t=1779630592773:843
[   91888ms] [LOG] [handleScroll] Scrolled paragraph: 82 @ http://localhost:5174/src/app/screens/ReadingScreen.tsx?t=1779630592773:843
[   91894ms] [LOG] [handleScroll] Scrolled paragraph: 85 @ http://localhost:5174/src/app/screens/ReadingScreen.tsx?t=1779630592773:843
[   91912ms] [LOG] [handleScroll] Scrolled paragraph: 87 @ http://localhost:5174/src/app/screens/ReadingScreen.tsx?t=1779630592773:843
[   92067ms] [LOG] [Cleanup] Final save paragraph index: 87 @ http://localhost:5174/src/app/screens/ReadingScreen.tsx?t=1779630592773:424
[   92067ms] [LOG] Cleanup: Final save for chapter 3337 : {paragraphIndex: 87, isPlaying: false, timestamp: 2026-05-24T13:50:51.604Z} @ http://localhost:5174/src/app/screens/ReadingScreen.tsx?t=1779630592773:433
[   93404ms] [LOG] Media Session initialized: {title: Chương 2: Đấu La Đại Lục (2), artist: Đấu La Đại Lục} @ http://localhost:5174/src/lib/mediaService.ts:32
[   93405ms] [LOG] [Cleanup] Ignored saving because position was not yet restored for chapter 3337 @ http://localhost:5174/src/app/screens/ReadingScreen.tsx?t=1779630592773:420
[   93405ms] [LOG] [ReadingScreen] Initializing media session for: Chương 2: Đấu La Đại Lục (2) @ http://localhost:5174/src/app/screens/ReadingScreen.tsx?t=1779630592773:233
[   93405ms] [LOG] [ReadingScreen] Capacitor platform: web @ http://localhost:5174/src/app/screens/ReadingScreen.tsx?t=1779630592773:234
[   93406ms] [LOG] [ReadingScreen] Is native: false @ http://localhost:5174/src/app/screens/ReadingScreen.tsx?t=1779630592773:235
[   93406ms] [LOG] Media Session initialized: {title: Chương 2: Đấu La Đại Lục (2), artist: Đấu La Đại Lục} @ http://localhost:5174/src/lib/mediaService.ts:32
[   93406ms] [LOG] Media Session handlers set @ http://localhost:5174/src/lib/mediaService.ts:48
[   93406ms] [LOG] [ReadingScreen] Skipping audio service (web platform or service unavailable) @ http://localhost:5174/src/app/screens/ReadingScreen.tsx?t=1779630592773:255
[   93409ms] [LOG] [Cache] Loaded chapter 2 from local cache @ http://localhost:5174/src/app/screens/ReadingScreen.tsx?t=1779630592773:631
[   93410ms] [LOG] [Cleanup] Ignored saving because position was not yet restored for chapter 2 @ http://localhost:5174/src/app/screens/ReadingScreen.tsx?t=1779630592773:420
[   93410ms] [LOG] Restoring position for chapter 2 : undefined @ http://localhost:5174/src/app/screens/ReadingScreen.tsx?t=1779630592773:585
[   93421ms] [LOG] [Prefetch] Fetching chapter 12 @ http://localhost:5174/src/app/screens/ReadingScreen.tsx?t=1779630592773:362
[   93545ms] [LOG] [Prefetch] Cached chapter 12 @ http://localhost:5174/src/app/screens/ReadingScreen.tsx?t=1779630592773:367
[   94590ms] [LOG] [handleScroll] Scrolled paragraph: 0 @ http://localhost:5174/src/app/screens/ReadingScreen.tsx?t=1779630592773:843
[   94608ms] [LOG] [handleScroll] Scrolled paragraph: 1 @ http://localhost:5174/src/app/screens/ReadingScreen.tsx?t=1779630592773:843
[   94614ms] [LOG] [handleScroll] Scrolled paragraph: 2 @ http://localhost:5174/src/app/screens/ReadingScreen.tsx?t=1779630592773:843
[   94632ms] [LOG] [handleScroll] Scrolled paragraph: 3 @ http://localhost:5174/src/app/screens/ReadingScreen.tsx?t=1779630592773:843
[   94639ms] [LOG] [handleScroll] Scrolled paragraph: 4 @ http://localhost:5174/src/app/screens/ReadingScreen.tsx?t=1779630592773:843
[   94645ms] [LOG] [handleScroll] Scrolled paragraph: 5 @ http://localhost:5174/src/app/screens/ReadingScreen.tsx?t=1779630592773:843
[   94663ms] [LOG] [handleScroll] Scrolled paragraph: 7 @ http://localhost:5174/src/app/screens/ReadingScreen.tsx?t=1779630592773:843
[   94669ms] [LOG] [handleScroll] Scrolled paragraph: 8 @ http://localhost:5174/src/app/screens/ReadingScreen.tsx?t=1779630592773:843
[   94687ms] [LOG] [handleScroll] Scrolled paragraph: 11 @ http://localhost:5174/src/app/screens/ReadingScreen.tsx?t=1779630592773:843
[   94693ms] [LOG] [handleScroll] Scrolled paragraph: 12 @ http://localhost:5174/src/app/screens/ReadingScreen.tsx?t=1779630592773:843
[   94711ms] [LOG] [handleScroll] Scrolled paragraph: 14 @ http://localhost:5174/src/app/screens/ReadingScreen.tsx?t=1779630592773:843
[   94718ms] [LOG] [handleScroll] Scrolled paragraph: 16 @ http://localhost:5174/src/app/screens/ReadingScreen.tsx?t=1779630592773:843
[   94729ms] [LOG] [handleScroll] Scrolled paragraph: 18 @ http://localhost:5174/src/app/screens/ReadingScreen.tsx?t=1779630592773:843
[   94736ms] [LOG] [handleScroll] Scrolled paragraph: 20 @ http://localhost:5174/src/app/screens/ReadingScreen.tsx?t=1779630592773:843
[   94742ms] [LOG] [handleScroll] Scrolled paragraph: 22 @ http://localhost:5174/src/app/screens/ReadingScreen.tsx?t=1779630592773:843
[   94760ms] [LOG] [handleScroll] Scrolled paragraph: 25 @ http://localhost:5174/src/app/screens/ReadingScreen.tsx?t=1779630592773:843
[   94766ms] [LOG] [handleScroll] Scrolled paragraph: 26 @ http://localhost:5174/src/app/screens/ReadingScreen.tsx?t=1779630592773:843
[   94784ms] [LOG] [handleScroll] Scrolled paragraph: 27 @ http://localhost:5174/src/app/screens/ReadingScreen.tsx?t=1779630592773:843
[   94790ms] [LOG] [handleScroll] Scrolled paragraph: 28 @ http://localhost:5174/src/app/screens/ReadingScreen.tsx?t=1779630592773:843
[   94808ms] [LOG] [handleScroll] Scrolled paragraph: 30 @ http://localhost:5174/src/app/screens/ReadingScreen.tsx?t=1779630592773:843
[   94814ms] [LOG] [handleScroll] Scrolled paragraph: 32 @ http://localhost:5174/src/app/screens/ReadingScreen.tsx?t=1779630592773:843
[   94820ms] [LOG] [handleScroll] Scrolled paragraph: 34 @ http://localhost:5174/src/app/screens/ReadingScreen.tsx?t=1779630592773:843
[   94838ms] [LOG] [handleScroll] Scrolled paragraph: 40 @ http://localhost:5174/src/app/screens/ReadingScreen.tsx?t=1779630592773:843
[   94845ms] [LOG] [handleScroll] Scrolled paragraph: 42 @ http://localhost:5174/src/app/screens/ReadingScreen.tsx?t=1779630592773:843
[   94863ms] [LOG] [handleScroll] Scrolled paragraph: 47 @ http://localhost:5174/src/app/screens/ReadingScreen.tsx?t=1779630592773:843
[   94869ms] [LOG] [handleScroll] Scrolled paragraph: 47 @ http://localhost:5174/src/app/screens/ReadingScreen.tsx?t=1779630592773:843
[   94887ms] [LOG] [handleScroll] Scrolled paragraph: 50 @ http://localhost:5174/src/app/screens/ReadingScreen.tsx?t=1779630592773:843
[   94893ms] [LOG] [handleScroll] Scrolled paragraph: 50 @ http://localhost:5174/src/app/screens/ReadingScreen.tsx?t=1779630592773:843
[   94917ms] [LOG] [handleScroll] Scrolled paragraph: 50 @ http://localhost:5174/src/app/screens/ReadingScreen.tsx?t=1779630592773:843
[   95069ms] [LOG] [Cleanup] Final save paragraph index: 50 @ http://localhost:5174/src/app/screens/ReadingScreen.tsx?t=1779630592773:424
[   95070ms] [LOG] Cleanup: Final save for chapter 2 : {paragraphIndex: 50, isPlaying: false, timestamp: 2026-05-24T13:50:54.607Z} @ http://localhost:5174/src/app/screens/ReadingScreen.tsx?t=1779630592773:433
[   97075ms] [LOG] Auto-saving position for chapter 2 : {paragraphIndex: 50, isPlaying: false, timestamp: 2026-05-24T13:50:56.612Z} @ http://localhost:5174/src/app/screens/ReadingScreen.tsx?t=1779630592773:410
[   99074ms] [LOG] Auto-saving position for chapter 2 : {paragraphIndex: 50, isPlaying: false, timestamp: 2026-05-24T13:50:58.611Z} @ http://localhost:5174/src/app/screens/ReadingScreen.tsx?t=1779630592773:410
[  100914ms] [LOG] [Cleanup] Final save paragraph index: 50 @ http://localhost:5174/src/app/screens/ReadingScreen.tsx?t=1779630592773:424
[  100914ms] [LOG] Cleanup: Final save for chapter 2 : {paragraphIndex: 50, isPlaying: false, timestamp: 2026-05-24T13:51:00.452Z} @ http://localhost:5174/src/app/screens/ReadingScreen.tsx?t=1779630592773:433
[  101699ms] [LOG] [Cleanup] Final save paragraph index: 54 @ http://localhost:5174/src/app/screens/ReadingScreen.tsx?t=1779630592773:424
[  101699ms] [LOG] Cleanup: Final save for chapter 2 : {paragraphIndex: 54, isPlaying: false, timestamp: 2026-05-24T13:51:01.237Z} @ http://localhost:5174/src/app/screens/ReadingScreen.tsx?t=1779630592773:433
[  101703ms] [LOG] Wake Lock acquired @ http://localhost:5174/src/lib/mediaService.ts:98
[  101814ms] [LOG] [MediaService] Silent audio playing (keep-alive) @ http://localhost:5174/src/lib/mediaService.ts:74
[  101824ms] [ERROR] Failed to load resource: the server responded with a status of 404 (Not Found) @ http://localhost:5174/favicon.ico:0
[  103706ms] [LOG] Auto-saving position for chapter 2 : {paragraphIndex: 54, isPlaying: true, timestamp: 2026-05-24T13:51:03.244Z} @ http://localhost:5174/src/app/screens/ReadingScreen.tsx?t=1779630592773:410
[  105634ms] [LOG] Media Session initialized: {title: Chương 3: Đấu La đại lục (3), artist: Đấu La Đại Lục} @ http://localhost:5174/src/lib/mediaService.ts:32
[  105635ms] [LOG] [Cleanup] Ignored saving because position was not yet restored for chapter 2 @ http://localhost:5174/src/app/screens/ReadingScreen.tsx?t=1779630592773:420
[  105635ms] [LOG] [ReadingScreen] Initializing media session for: Chương 3: Đấu La đại lục (3) @ http://localhost:5174/src/app/screens/ReadingScreen.tsx?t=1779630592773:233
[  105635ms] [LOG] [ReadingScreen] Capacitor platform: web @ http://localhost:5174/src/app/screens/ReadingScreen.tsx?t=1779630592773:234
[  105635ms] [LOG] [ReadingScreen] Is native: false @ http://localhost:5174/src/app/screens/ReadingScreen.tsx?t=1779630592773:235
[  105635ms] [LOG] Media Session initialized: {title: Chương 3: Đấu La đại lục (3), artist: Đấu La Đại Lục} @ http://localhost:5174/src/lib/mediaService.ts:32
[  105635ms] [LOG] Media Session handlers set @ http://localhost:5174/src/lib/mediaService.ts:48
[  105635ms] [LOG] [ReadingScreen] Skipping audio service (web platform or service unavailable) @ http://localhost:5174/src/app/screens/ReadingScreen.tsx?t=1779630592773:255
[  105637ms] [LOG] [Cache] Loaded chapter 3 from local cache @ http://localhost:5174/src/app/screens/ReadingScreen.tsx?t=1779630592773:631
[  105639ms] [LOG] [Cleanup] Ignored saving because position was not yet restored for chapter 3 @ http://localhost:5174/src/app/screens/ReadingScreen.tsx?t=1779630592773:420
[  105639ms] [LOG] Restoring position for chapter 3 : undefined @ http://localhost:5174/src/app/screens/ReadingScreen.tsx?t=1779630592773:585
[  105639ms] [LOG] [MediaService] Silent audio playing (keep-alive) @ http://localhost:5174/src/lib/mediaService.ts:74
[  105651ms] [LOG] [Prefetch] Fetching chapter 13 @ http://localhost:5174/src/app/screens/ReadingScreen.tsx?t=1779630592773:362
[  105821ms] [LOG] [Prefetch] Cached chapter 13 @ http://localhost:5174/src/app/screens/ReadingScreen.tsx?t=1779630592773:367
[  107640ms] [LOG] Auto-saving position for chapter 3 : {paragraphIndex: 0, isPlaying: true, timestamp: 2026-05-24T13:51:07.177Z} @ http://localhost:5174/src/app/screens/ReadingScreen.tsx?t=1779630592773:410
[  109648ms] [LOG] Auto-saving position for chapter 3 : {paragraphIndex: 0, isPlaying: true, timestamp: 2026-05-24T13:51:09.186Z} @ http://localhost:5174/src/app/screens/ReadingScreen.tsx?t=1779630592773:410
[  111649ms] [LOG] Auto-saving position for chapter 3 : {paragraphIndex: 0, isPlaying: true, timestamp: 2026-05-24T13:51:11.186Z} @ http://localhost:5174/src/app/screens/ReadingScreen.tsx?t=1779630592773:410
[  113650ms] [LOG] Auto-saving position for chapter 3 : {paragraphIndex: 0, isPlaying: true, timestamp: 2026-05-24T13:51:13.188Z} @ http://localhost:5174/src/app/screens/ReadingScreen.tsx?t=1779630592773:410
[  115641ms] [LOG] Auto-saving position for chapter 3 : {paragraphIndex: 0, isPlaying: true, timestamp: 2026-05-24T13:51:15.178Z} @ http://localhost:5174/src/app/screens/ReadingScreen.tsx?t=1779630592773:410
[  117650ms] [LOG] Auto-saving position for chapter 3 : {paragraphIndex: 0, isPlaying: true, timestamp: 2026-05-24T13:51:17.187Z} @ http://localhost:5174/src/app/screens/ReadingScreen.tsx?t=1779630592773:410
[  119652ms] [LOG] Auto-saving position for chapter 3 : {paragraphIndex: 0, isPlaying: true, timestamp: 2026-05-24T13:51:19.189Z} @ http://localhost:5174/src/app/screens/ReadingScreen.tsx?t=1779630592773:410
[  121648ms] [LOG] Auto-saving position for chapter 3 : {paragraphIndex: 0, isPlaying: true, timestamp: 2026-05-24T13:51:21.185Z} @ http://localhost:5174/src/app/screens/ReadingScreen.tsx?t=1779630592773:410
[  123651ms] [LOG] Auto-saving position for chapter 3 : {paragraphIndex: 0, isPlaying: true, timestamp: 2026-05-24T13:51:23.188Z} @ http://localhost:5174/src/app/screens/ReadingScreen.tsx?t=1779630592773:410
[  125648ms] [LOG] Auto-saving position for chapter 3 : {paragraphIndex: 0, isPlaying: true, timestamp: 2026-05-24T13:51:25.186Z} @ http://localhost:5174/src/app/screens/ReadingScreen.tsx?t=1779630592773:410
[  127643ms] [LOG] Auto-saving position for chapter 3 : {paragraphIndex: 0, isPlaying: true, timestamp: 2026-05-24T13:51:27.180Z} @ http://localhost:5174/src/app/screens/ReadingScreen.tsx?t=1779630592773:410
[  129654ms] [LOG] Auto-saving position for chapter 3 : {paragraphIndex: 0, isPlaying: true, timestamp: 2026-05-24T13:51:29.192Z} @ http://localhost:5174/src/app/screens/ReadingScreen.tsx?t=1779630592773:410
[  131645ms] [LOG] Auto-saving position for chapter 3 : {paragraphIndex: 0, isPlaying: true, timestamp: 2026-05-24T13:51:31.183Z} @ http://localhost:5174/src/app/screens/ReadingScreen.tsx?t=1779630592773:410
[  133642ms] [LOG] Auto-saving position for chapter 3 : {paragraphIndex: 0, isPlaying: true, timestamp: 2026-05-24T13:51:33.179Z} @ http://localhost:5174/src/app/screens/ReadingScreen.tsx?t=1779630592773:410
[  135651ms] [LOG] Auto-saving position for chapter 3 : {paragraphIndex: 0, isPlaying: true, timestamp: 2026-05-24T13:51:35.189Z} @ http://localhost:5174/src/app/screens/ReadingScreen.tsx?t=1779630592773:410
[  137644ms] [LOG] Auto-saving position for chapter 3 : {paragraphIndex: 0, isPlaying: true, timestamp: 2026-05-24T13:51:37.182Z} @ http://localhost:5174/src/app/screens/ReadingScreen.tsx?t=1779630592773:410
[  139653ms] [LOG] Auto-saving position for chapter 3 : {paragraphIndex: 0, isPlaying: true, timestamp: 2026-05-24T13:51:39.190Z} @ http://localhost:5174/src/app/screens/ReadingScreen.tsx?t=1779630592773:410
[  141645ms] [LOG] Auto-saving position for chapter 3 : {paragraphIndex: 0, isPlaying: true, timestamp: 2026-05-24T13:51:41.182Z} @ http://localhost:5174/src/app/screens/ReadingScreen.tsx?t=1779630592773:410
[  143645ms] [LOG] Auto-saving position for chapter 3 : {paragraphIndex: 0, isPlaying: true, timestamp: 2026-05-24T13:51:43.183Z} @ http://localhost:5174/src/app/screens/ReadingScreen.tsx?t=1779630592773:410
[  145645ms] [LOG] Auto-saving position for chapter 3 : {paragraphIndex: 0, isPlaying: true, timestamp: 2026-05-24T13:51:45.183Z} @ http://localhost:5174/src/app/screens/ReadingScreen.tsx?t=1779630592773:410
[  147653ms] [LOG] Auto-saving position for chapter 3 : {paragraphIndex: 0, isPlaying: true, timestamp: 2026-05-24T13:51:47.190Z} @ http://localhost:5174/src/app/screens/ReadingScreen.tsx?t=1779630592773:410
[  149650ms] [LOG] Auto-saving position for chapter 3 : {paragraphIndex: 0, isPlaying: true, timestamp: 2026-05-24T13:51:49.188Z} @ http://localhost:5174/src/app/screens/ReadingScreen.tsx?t=1779630592773:410
[  151642ms] [LOG] Auto-saving position for chapter 3 : {paragraphIndex: 0, isPlaying: true, timestamp: 2026-05-24T13:51:51.179Z} @ http://localhost:5174/src/app/screens/ReadingScreen.tsx?t=1779630592773:410
[  153651ms] [LOG] Auto-saving position for chapter 3 : {paragraphIndex: 0, isPlaying: true, timestamp: 2026-05-24T13:51:53.188Z} @ http://localhost:5174/src/app/screens/ReadingScreen.tsx?t=1779630592773:410
[  155650ms] [LOG] Auto-saving position for chapter 3 : {paragraphIndex: 0, isPlaying: true, timestamp: 2026-05-24T13:51:55.188Z} @ http://localhost:5174/src/app/screens/ReadingScreen.tsx?t=1779630592773:410
[  157649ms] [LOG] Auto-saving position for chapter 3 : {paragraphIndex: 0, isPlaying: true, timestamp: 2026-05-24T13:51:57.187Z} @ http://localhost:5174/src/app/screens/ReadingScreen.tsx?t=1779630592773:410
[  159645ms] [LOG] Auto-saving position for chapter 3 : {paragraphIndex: 0, isPlaying: true, timestamp: 2026-05-24T13:51:59.182Z} @ http://localhost:5174/src/app/screens/ReadingScreen.tsx?t=1779630592773:410
[  161642ms] [LOG] Auto-saving position for chapter 3 : {paragraphIndex: 0, isPlaying: true, timestamp: 2026-05-24T13:52:01.179Z} @ http://localhost:5174/src/app/screens/ReadingScreen.tsx?t=1779630592773:410
[  163651ms] [LOG] Auto-saving position for chapter 3 : {paragraphIndex: 0, isPlaying: true, timestamp: 2026-05-24T13:52:03.188Z} @ http://localhost:5174/src/app/screens/ReadingScreen.tsx?t=1779630592773:410
[  165652ms] [LOG] Auto-saving position for chapter 3 : {paragraphIndex: 0, isPlaying: true, timestamp: 2026-05-24T13:52:05.189Z} @ http://localhost:5174/src/app/screens/ReadingScreen.tsx?t=1779630592773:410
[  167652ms] [LOG] Auto-saving position for chapter 3 : {paragraphIndex: 0, isPlaying: true, timestamp: 2026-05-24T13:52:07.189Z} @ http://localhost:5174/src/app/screens/ReadingScreen.tsx?t=1779630592773:410
[  169652ms] [LOG] Auto-saving position for chapter 3 : {paragraphIndex: 0, isPlaying: true, timestamp: 2026-05-24T13:52:09.189Z} @ http://localhost:5174/src/app/screens/ReadingScreen.tsx?t=1779630592773:410
[  171650ms] [LOG] Auto-saving position for chapter 3 : {paragraphIndex: 0, isPlaying: true, timestamp: 2026-05-24T13:52:11.188Z} @ http://localhost:5174/src/app/screens/ReadingScreen.tsx?t=1779630592773:410
[  172881ms] [LOG] Media Session initialized: {title: Chương 2: Đấu La Đại Lục (2), artist: Đấu La Đại Lục} @ http://localhost:5174/src/lib/mediaService.ts:32
[  172883ms] [LOG] [Cleanup] Ignored saving because position was not yet restored for chapter 3 @ http://localhost:5174/src/app/screens/ReadingScreen.tsx?t=1779630592773:420
[  172883ms] [LOG] [ReadingScreen] Initializing media session for: Chương 2: Đấu La Đại Lục (2) @ http://localhost:5174/src/app/screens/ReadingScreen.tsx?t=1779630592773:233
[  172883ms] [LOG] [ReadingScreen] Capacitor platform: web @ http://localhost:5174/src/app/screens/ReadingScreen.tsx?t=1779630592773:234
[  172883ms] [LOG] [ReadingScreen] Is native: false @ http://localhost:5174/src/app/screens/ReadingScreen.tsx?t=1779630592773:235
[  172883ms] [LOG] Media Session initialized: {title: Chương 2: Đấu La Đại Lục (2), artist: Đấu La Đại Lục} @ http://localhost:5174/src/lib/mediaService.ts:32
[  172883ms] [LOG] Media Session handlers set @ http://localhost:5174/src/lib/mediaService.ts:48
[  172883ms] [LOG] [ReadingScreen] Skipping audio service (web platform or service unavailable) @ http://localhost:5174/src/app/screens/ReadingScreen.tsx?t=1779630592773:255
[  172885ms] [LOG] [Cache] Loaded chapter 2 from local cache @ http://localhost:5174/src/app/screens/ReadingScreen.tsx?t=1779630592773:631
[  172886ms] [LOG] [Cleanup] Ignored saving because position was not yet restored for chapter 2 @ http://localhost:5174/src/app/screens/ReadingScreen.tsx?t=1779630592773:420
[  172887ms] [LOG] [MediaService] Silent audio paused @ http://localhost:5174/src/lib/mediaService.ts:84
[  172887ms] [LOG] Restoring position for chapter 2 : {paragraphIndex: 54, isPlaying: true, timestamp: 2026-05-24T13:51:03.244Z} @ http://localhost:5174/src/app/screens/ReadingScreen.tsx?t=1779630592773:585
[  172887ms] [LOG] Position restored, paragraphIndex: 54 isPlaying: true @ http://localhost:5174/src/app/screens/ReadingScreen.tsx?t=1779630592773:515
[  172887ms] [LOG] Auto-resuming from paragraph 54 @ http://localhost:5174/src/app/screens/ReadingScreen.tsx?t=1779630592773:517
[  172888ms] [LOG] [Cleanup] Final save paragraph index: 54 @ http://localhost:5174/src/app/screens/ReadingScreen.tsx?t=1779630592773:424
[  172888ms] [LOG] Cleanup: Final save for chapter 2 : {paragraphIndex: 54, isPlaying: false, timestamp: 2026-05-24T13:52:12.425Z} @ http://localhost:5174/src/app/screens/ReadingScreen.tsx?t=1779630592773:433
[  172888ms] [LOG] Wake Lock released @ http://localhost:5174/src/lib/mediaService.ts:117
[  172888ms] [LOG] [MediaService] Silent audio playing (keep-alive) @ http://localhost:5174/src/lib/mediaService.ts:74
[  174888ms] [LOG] Auto-saving position for chapter 2 : {paragraphIndex: 54, isPlaying: true, timestamp: 2026-05-24T13:52:14.426Z} @ http://localhost:5174/src/app/screens/ReadingScreen.tsx?t=1779630592773:410
[  176893ms] [LOG] Auto-saving position for chapter 2 : {paragraphIndex: 54, isPlaying: true, timestamp: 2026-05-24T13:52:16.430Z} @ http://localhost:5174/src/app/screens/ReadingScreen.tsx?t=1779630592773:410
[  176984ms] [LOG] Media Session initialized: {title: Chương 3: Đấu La đại lục (3), artist: Đấu La Đại Lục} @ http://localhost:5174/src/lib/mediaService.ts:32
[  176985ms] [LOG] [Cleanup] Ignored saving because position was not yet restored for chapter 2 @ http://localhost:5174/src/app/screens/ReadingScreen.tsx?t=1779630592773:420
[  176985ms] [LOG] [ReadingScreen] Initializing media session for: Chương 3: Đấu La đại lục (3) @ http://localhost:5174/src/app/screens/ReadingScreen.tsx?t=1779630592773:233
[  176985ms] [LOG] [ReadingScreen] Capacitor platform: web @ http://localhost:5174/src/app/screens/ReadingScreen.tsx?t=1779630592773:234
[  176985ms] [LOG] [ReadingScreen] Is native: false @ http://localhost:5174/src/app/screens/ReadingScreen.tsx?t=1779630592773:235
[  176985ms] [LOG] Media Session initialized: {title: Chương 3: Đấu La đại lục (3), artist: Đấu La Đại Lục} @ http://localhost:5174/src/lib/mediaService.ts:32
[  176985ms] [LOG] Media Session handlers set @ http://localhost:5174/src/lib/mediaService.ts:48
[  176985ms] [LOG] [ReadingScreen] Skipping audio service (web platform or service unavailable) @ http://localhost:5174/src/app/screens/ReadingScreen.tsx?t=1779630592773:255
[  176988ms] [LOG] [Cache] Loaded chapter 3 from local cache @ http://localhost:5174/src/app/screens/ReadingScreen.tsx?t=1779630592773:631
[  176989ms] [LOG] [Cleanup] Ignored saving because position was not yet restored for chapter 3 @ http://localhost:5174/src/app/screens/ReadingScreen.tsx?t=1779630592773:420
[  176989ms] [LOG] Restoring position for chapter 3 : {paragraphIndex: 0, isPlaying: true, timestamp: 2026-05-24T13:52:11.188Z} @ http://localhost:5174/src/app/screens/ReadingScreen.tsx?t=1779630592773:585
[  176990ms] [LOG] Position restored, paragraphIndex: 0 isPlaying: true @ http://localhost:5174/src/app/screens/ReadingScreen.tsx?t=1779630592773:515
[  176997ms] [LOG] [MediaService] Silent audio playing (keep-alive) @ http://localhost:5174/src/lib/mediaService.ts:74
[  176997ms] [LOG] Wake Lock acquired @ http://localhost:5174/src/lib/mediaService.ts:98
[  178993ms] [LOG] Auto-saving position for chapter 3 : {paragraphIndex: 0, isPlaying: true, timestamp: 2026-05-24T13:52:18.530Z} @ http://localhost:5174/src/app/screens/ReadingScreen.tsx?t=1779630592773:410
[  180995ms] [LOG] Auto-saving position for chapter 3 : {paragraphIndex: 0, isPlaying: true, timestamp: 2026-05-24T13:52:20.532Z} @ http://localhost:5174/src/app/screens/ReadingScreen.tsx?t=1779630592773:410
[  182997ms] [LOG] Auto-saving position for chapter 3 : {paragraphIndex: 0, isPlaying: true, timestamp: 2026-05-24T13:52:22.534Z} @ http://localhost:5174/src/app/screens/ReadingScreen.tsx?t=1779630592773:410
[  184992ms] [LOG] Auto-saving position for chapter 3 : {paragraphIndex: 0, isPlaying: true, timestamp: 2026-05-24T13:52:24.530Z} @ http://localhost:5174/src/app/screens/ReadingScreen.tsx?t=1779630592773:410
[  187003ms] [LOG] Auto-saving position for chapter 3 : {paragraphIndex: 0, isPlaying: true, timestamp: 2026-05-24T13:52:26.541Z} @ http://localhost:5174/src/app/screens/ReadingScreen.tsx?t=1779630592773:410
[  188993ms] [LOG] Auto-saving position for chapter 3 : {paragraphIndex: 0, isPlaying: true, timestamp: 2026-05-24T13:52:28.530Z} @ http://localhost:5174/src/app/screens/ReadingScreen.tsx?t=1779630592773:410
[  190993ms] [LOG] Auto-saving position for chapter 3 : {paragraphIndex: 0, isPlaying: true, timestamp: 2026-05-24T13:52:30.530Z} @ http://localhost:5174/src/app/screens/ReadingScreen.tsx?t=1779630592773:410
[  193003ms] [LOG] Auto-saving position for chapter 3 : {paragraphIndex: 0, isPlaying: true, timestamp: 2026-05-24T13:52:32.540Z} @ http://localhost:5174/src/app/screens/ReadingScreen.tsx?t=1779630592773:410
[  194998ms] [LOG] Auto-saving position for chapter 3 : {paragraphIndex: 0, isPlaying: true, timestamp: 2026-05-24T13:52:34.536Z} @ http://localhost:5174/src/app/screens/ReadingScreen.tsx?t=1779630592773:410
[  196993ms] [LOG] Auto-saving position for chapter 3 : {paragraphIndex: 0, isPlaying: true, timestamp: 2026-05-24T13:52:36.530Z} @ http://localhost:5174/src/app/screens/ReadingScreen.tsx?t=1779630592773:410
[  198996ms] [LOG] Auto-saving position for chapter 3 : {paragraphIndex: 0, isPlaying: true, timestamp: 2026-05-24T13:52:38.533Z} @ http://localhost:5174/src/app/screens/ReadingScreen.tsx?t=1779630592773:410
[  200012ms] [LOG] Media Session initialized: {title: Chương 2: Đấu La Đại Lục (2), artist: Đấu La Đại Lục} @ http://localhost:5174/src/lib/mediaService.ts:32
[  200013ms] [LOG] [Cleanup] Ignored saving because position was not yet restored for chapter 3 @ http://localhost:5174/src/app/screens/ReadingScreen.tsx?t=1779630592773:420
[  200013ms] [LOG] [ReadingScreen] Initializing media session for: Chương 2: Đấu La Đại Lục (2) @ http://localhost:5174/src/app/screens/ReadingScreen.tsx?t=1779630592773:233
[  200013ms] [LOG] [ReadingScreen] Capacitor platform: web @ http://localhost:5174/src/app/screens/ReadingScreen.tsx?t=1779630592773:234
[  200013ms] [LOG] [ReadingScreen] Is native: false @ http://localhost:5174/src/app/screens/ReadingScreen.tsx?t=1779630592773:235
[  200014ms] [LOG] Media Session initialized: {title: Chương 2: Đấu La Đại Lục (2), artist: Đấu La Đại Lục} @ http://localhost:5174/src/lib/mediaService.ts:32
[  200014ms] [LOG] Media Session handlers set @ http://localhost:5174/src/lib/mediaService.ts:48
[  200014ms] [LOG] [ReadingScreen] Skipping audio service (web platform or service unavailable) @ http://localhost:5174/src/app/screens/ReadingScreen.tsx?t=1779630592773:255
[  200017ms] [LOG] [Cache] Loaded chapter 2 from local cache @ http://localhost:5174/src/app/screens/ReadingScreen.tsx?t=1779630592773:631
[  200021ms] [LOG] [Cleanup] Ignored saving because position was not yet restored for chapter 2 @ http://localhost:5174/src/app/screens/ReadingScreen.tsx?t=1779630592773:420
[  200021ms] [LOG] [MediaService] Silent audio paused @ http://localhost:5174/src/lib/mediaService.ts:84
[  200021ms] [LOG] Restoring position for chapter 2 : {paragraphIndex: 54, isPlaying: true, timestamp: 2026-05-24T13:52:16.430Z} @ http://localhost:5174/src/app/screens/ReadingScreen.tsx?t=1779630592773:585
[  200022ms] [LOG] Position restored, paragraphIndex: 54 isPlaying: true @ http://localhost:5174/src/app/screens/ReadingScreen.tsx?t=1779630592773:515
[  200022ms] [LOG] Auto-resuming from paragraph 54 @ http://localhost:5174/src/app/screens/ReadingScreen.tsx?t=1779630592773:517
[  200023ms] [LOG] [Cleanup] Final save paragraph index: 54 @ http://localhost:5174/src/app/screens/ReadingScreen.tsx?t=1779630592773:424
[  200023ms] [LOG] Cleanup: Final save for chapter 2 : {paragraphIndex: 54, isPlaying: false, timestamp: 2026-05-24T13:52:39.561Z} @ http://localhost:5174/src/app/screens/ReadingScreen.tsx?t=1779630592773:433
[  200024ms] [LOG] Wake Lock released @ http://localhost:5174/src/lib/mediaService.ts:117
[  200032ms] [LOG] [MediaService] Silent audio playing (keep-alive) @ http://localhost:5174/src/lib/mediaService.ts:74
[  202031ms] [LOG] Auto-saving position for chapter 2 : {paragraphIndex: 54, isPlaying: true, timestamp: 2026-05-24T13:52:41.568Z} @ http://localhost:5174/src/app/screens/ReadingScreen.tsx?t=1779630592773:410
[  204034ms] [LOG] Auto-saving position for chapter 2 : {paragraphIndex: 54, isPlaying: true, timestamp: 2026-05-24T13:52:43.572Z} @ http://localhost:5174/src/app/screens/ReadingScreen.tsx?t=1779630592773:410
[  204123ms] [LOG] Media Session initialized: {title: Chương 3: Đấu La đại lục (3), artist: Đấu La Đại Lục} @ http://localhost:5174/src/lib/mediaService.ts:32
[  204124ms] [LOG] [Cleanup] Ignored saving because position was not yet restored for chapter 2 @ http://localhost:5174/src/app/screens/ReadingScreen.tsx?t=1779630592773:420
[  204125ms] [LOG] [ReadingScreen] Initializing media session for: Chương 3: Đấu La đại lục (3) @ http://localhost:5174/src/app/screens/ReadingScreen.tsx?t=1779630592773:233
[  204125ms] [LOG] [ReadingScreen] Capacitor platform: web @ http://localhost:5174/src/app/screens/ReadingScreen.tsx?t=1779630592773:234
[  204125ms] [LOG] [ReadingScreen] Is native: false @ http://localhost:5174/src/app/screens/ReadingScreen.tsx?t=1779630592773:235
[  204125ms] [LOG] Media Session initialized: {title: Chương 3: Đấu La đại lục (3), artist: Đấu La Đại Lục} @ http://localhost:5174/src/lib/mediaService.ts:32
[  204125ms] [LOG] Media Session handlers set @ http://localhost:5174/src/lib/mediaService.ts:48
[  204125ms] [LOG] [ReadingScreen] Skipping audio service (web platform or service unavailable) @ http://localhost:5174/src/app/screens/ReadingScreen.tsx?t=1779630592773:255
[  204128ms] [LOG] [Cache] Loaded chapter 3 from local cache @ http://localhost:5174/src/app/screens/ReadingScreen.tsx?t=1779630592773:631
[  204130ms] [LOG] [Cleanup] Ignored saving because position was not yet restored for chapter 3 @ http://localhost:5174/src/app/screens/ReadingScreen.tsx?t=1779630592773:420
[  204131ms] [LOG] Restoring position for chapter 3 : {paragraphIndex: 0, isPlaying: true, timestamp: 2026-05-24T13:52:38.533Z} @ http://localhost:5174/src/app/screens/ReadingScreen.tsx?t=1779630592773:585
[  204131ms] [LOG] Position restored, paragraphIndex: 0 isPlaying: true @ http://localhost:5174/src/app/screens/ReadingScreen.tsx?t=1779630592773:515
[  204131ms] [LOG] [MediaService] Silent audio playing (keep-alive) @ http://localhost:5174/src/lib/mediaService.ts:74
[  204131ms] [LOG] Wake Lock acquired @ http://localhost:5174/src/lib/mediaService.ts:98
[  206131ms] [LOG] Auto-saving position for chapter 3 : {paragraphIndex: 0, isPlaying: true, timestamp: 2026-05-24T13:52:45.668Z} @ http://localhost:5174/src/app/screens/ReadingScreen.tsx?t=1779630592773:410
[  208140ms] [LOG] Auto-saving position for chapter 3 : {paragraphIndex: 0, isPlaying: true, timestamp: 2026-05-24T13:52:47.678Z} @ http://localhost:5174/src/app/screens/ReadingScreen.tsx?t=1779630592773:410
[  210133ms] [LOG] Auto-saving position for chapter 3 : {paragraphIndex: 0, isPlaying: true, timestamp: 2026-05-24T13:52:49.670Z} @ http://localhost:5174/src/app/screens/ReadingScreen.tsx?t=1779630592773:410
[  212146ms] [LOG] Auto-saving position for chapter 3 : {paragraphIndex: 0, isPlaying: true, timestamp: 2026-05-24T13:52:51.684Z} @ http://localhost:5174/src/app/screens/ReadingScreen.tsx?t=1779630592773:410
[  214133ms] [LOG] Auto-saving position for chapter 3 : {paragraphIndex: 0, isPlaying: true, timestamp: 2026-05-24T13:52:53.670Z} @ http://localhost:5174/src/app/screens/ReadingScreen.tsx?t=1779630592773:410
[  216133ms] [LOG] Auto-saving position for chapter 3 : {paragraphIndex: 0, isPlaying: true, timestamp: 2026-05-24T13:52:55.670Z} @ http://localhost:5174/src/app/screens/ReadingScreen.tsx?t=1779630592773:410
[  218142ms] [LOG] Auto-saving position for chapter 3 : {paragraphIndex: 0, isPlaying: true, timestamp: 2026-05-24T13:52:57.680Z} @ http://localhost:5174/src/app/screens/ReadingScreen.tsx?t=1779630592773:410
[  220144ms] [LOG] Auto-saving position for chapter 3 : {paragraphIndex: 0, isPlaying: true, timestamp: 2026-05-24T13:52:59.682Z} @ http://localhost:5174/src/app/screens/ReadingScreen.tsx?t=1779630592773:410
[  222133ms] [LOG] Auto-saving position for chapter 3 : {paragraphIndex: 0, isPlaying: true, timestamp: 2026-05-24T13:53:01.670Z} @ http://localhost:5174/src/app/screens/ReadingScreen.tsx?t=1779630592773:410
[  224134ms] [LOG] Auto-saving position for chapter 3 : {paragraphIndex: 0, isPlaying: true, timestamp: 2026-05-24T13:53:03.671Z} @ http://localhost:5174/src/app/screens/ReadingScreen.tsx?t=1779630592773:410
[  226137ms] [LOG] Auto-saving position for chapter 3 : {paragraphIndex: 0, isPlaying: true, timestamp: 2026-05-24T13:53:05.675Z} @ http://localhost:5174/src/app/screens/ReadingScreen.tsx?t=1779630592773:410
[  228133ms] [LOG] Auto-saving position for chapter 3 : {paragraphIndex: 0, isPlaying: true, timestamp: 2026-05-24T13:53:07.670Z} @ http://localhost:5174/src/app/screens/ReadingScreen.tsx?t=1779630592773:410
[  230134ms] [LOG] Auto-saving position for chapter 3 : {paragraphIndex: 0, isPlaying: true, timestamp: 2026-05-24T13:53:09.671Z} @ http://localhost:5174/src/app/screens/ReadingScreen.tsx?t=1779630592773:410
[  232133ms] [LOG] Auto-saving position for chapter 3 : {paragraphIndex: 0, isPlaying: true, timestamp: 2026-05-24T13:53:11.670Z} @ http://localhost:5174/src/app/screens/ReadingScreen.tsx?t=1779630592773:410
[  234132ms] [LOG] Auto-saving position for chapter 3 : {paragraphIndex: 0, isPlaying: true, timestamp: 2026-05-24T13:53:13.669Z} @ http://localhost:5174/src/app/screens/ReadingScreen.tsx?t=1779630592773:410
[  236143ms] [LOG] Auto-saving position for chapter 3 : {paragraphIndex: 0, isPlaying: true, timestamp: 2026-05-24T13:53:15.681Z} @ http://localhost:5174/src/app/screens/ReadingScreen.tsx?t=1779630592773:410
[  238135ms] [LOG] Auto-saving position for chapter 3 : {paragraphIndex: 0, isPlaying: true, timestamp: 2026-05-24T13:53:17.672Z} @ http://localhost:5174/src/app/screens/ReadingScreen.tsx?t=1779630592773:410
[  240133ms] [LOG] Auto-saving position for chapter 3 : {paragraphIndex: 0, isPlaying: true, timestamp: 2026-05-24T13:53:19.670Z} @ http://localhost:5174/src/app/screens/ReadingScreen.tsx?t=1779630592773:410
[  242138ms] [LOG] Auto-saving position for chapter 3 : {paragraphIndex: 0, isPlaying: true, timestamp: 2026-05-24T13:53:21.676Z} @ http://localhost:5174/src/app/screens/ReadingScreen.tsx?t=1779630592773:410
[  244136ms] [LOG] Auto-saving position for chapter 3 : {paragraphIndex: 0, isPlaying: true, timestamp: 2026-05-24T13:53:23.674Z} @ http://localhost:5174/src/app/screens/ReadingScreen.tsx?t=1779630592773:410
[  246133ms] [LOG] Auto-saving position for chapter 3 : {paragraphIndex: 0, isPlaying: true, timestamp: 2026-05-24T13:53:25.671Z} @ http://localhost:5174/src/app/screens/ReadingScreen.tsx?t=1779630592773:410
[  248134ms] [LOG] Auto-saving position for chapter 3 : {paragraphIndex: 0, isPlaying: true, timestamp: 2026-05-24T13:53:27.672Z} @ http://localhost:5174/src/app/screens/ReadingScreen.tsx?t=1779630592773:410
[  250135ms] [LOG] Auto-saving position for chapter 3 : {paragraphIndex: 0, isPlaying: true, timestamp: 2026-05-24T13:53:29.672Z} @ http://localhost:5174/src/app/screens/ReadingScreen.tsx?t=1779630592773:410
[  252133ms] [LOG] Auto-saving position for chapter 3 : {paragraphIndex: 0, isPlaying: true, timestamp: 2026-05-24T13:53:31.670Z} @ http://localhost:5174/src/app/screens/ReadingScreen.tsx?t=1779630592773:410
[  254132ms] [LOG] Auto-saving position for chapter 3 : {paragraphIndex: 0, isPlaying: true, timestamp: 2026-05-24T13:53:33.670Z} @ http://localhost:5174/src/app/screens/ReadingScreen.tsx?t=1779630592773:410
[  256142ms] [LOG] Auto-saving position for chapter 3 : {paragraphIndex: 0, isPlaying: true, timestamp: 2026-05-24T13:53:35.679Z} @ http://localhost:5174/src/app/screens/ReadingScreen.tsx?t=1779630592773:410
[  258133ms] [LOG] Auto-saving position for chapter 3 : {paragraphIndex: 0, isPlaying: true, timestamp: 2026-05-24T13:53:37.670Z} @ http://localhost:5174/src/app/screens/ReadingScreen.tsx?t=1779630592773:410
[  258336ms] [LOG] [Cleanup] Final save paragraph index: 0 @ http://localhost:5174/src/app/screens/ReadingScreen.tsx?t=1779630592773:424
[  258337ms] [LOG] Cleanup: Final save for chapter 3 : {paragraphIndex: 0, isPlaying: true, timestamp: 2026-05-24T13:53:37.874Z} @ http://localhost:5174/src/app/screens/ReadingScreen.tsx?t=1779630592773:433
[  258341ms] [LOG] [MediaService] Silent audio playing (keep-alive) @ http://localhost:5174/src/lib/mediaService.ts:74
[  260340ms] [LOG] Auto-saving position for chapter 3 : {paragraphIndex: 1, isPlaying: true, timestamp: 2026-05-24T13:53:39.878Z} @ http://localhost:5174/src/app/screens/ReadingScreen.tsx?t=1779630592773:410
[  261288ms] [LOG] [Cleanup] Final save paragraph index: 1 @ http://localhost:5174/src/app/screens/ReadingScreen.tsx?t=1779630592773:424
[  261288ms] [LOG] Cleanup: Final save for chapter 3 : {paragraphIndex: 1, isPlaying: true, timestamp: 2026-05-24T13:53:40.826Z} @ http://localhost:5174/src/app/screens/ReadingScreen.tsx?t=1779630592773:433
[  261292ms] [LOG] [MediaService] Silent audio playing (keep-alive) @ http://localhost:5174/src/lib/mediaService.ts:74
[  263293ms] [LOG] Auto-saving position for chapter 3 : {paragraphIndex: 2, isPlaying: true, timestamp: 2026-05-24T13:53:42.830Z} @ http://localhost:5174/src/app/screens/ReadingScreen.tsx?t=1779630592773:410
[  263664ms] [LOG] [Cleanup] Final save paragraph index: 2 @ http://localhost:5174/src/app/screens/ReadingScreen.tsx?t=1779630592773:424
[  263665ms] [LOG] Cleanup: Final save for chapter 3 : {paragraphIndex: 2, isPlaying: true, timestamp: 2026-05-24T13:53:43.202Z} @ http://localhost:5174/src/app/screens/ReadingScreen.tsx?t=1779630592773:433
[  263665ms] [LOG] [MediaService] Silent audio paused @ http://localhost:5174/src/lib/mediaService.ts:84
[  263665ms] [LOG] Wake Lock released @ http://localhost:5174/src/lib/mediaService.ts:117
[  265675ms] [LOG] Auto-saving position for chapter 3 : {paragraphIndex: 2, isPlaying: false, timestamp: 2026-05-24T13:53:45.213Z} @ http://localhost:5174/src/app/screens/ReadingScreen.tsx?t=1779630592773:410
[  267672ms] [LOG] Auto-saving position for chapter 3 : {paragraphIndex: 2, isPlaying: false, timestamp: 2026-05-24T13:53:47.209Z} @ http://localhost:5174/src/app/screens/ReadingScreen.tsx?t=1779630592773:410
[  269670ms] [LOG] Auto-saving position for chapter 3 : {paragraphIndex: 2, isPlaying: false, timestamp: 2026-05-24T13:53:49.207Z} @ http://localhost:5174/src/app/screens/ReadingScreen.tsx?t=1779630592773:410
[  271675ms] [LOG] Auto-saving position for chapter 3 : {paragraphIndex: 2, isPlaying: false, timestamp: 2026-05-24T13:53:51.213Z} @ http://localhost:5174/src/app/screens/ReadingScreen.tsx?t=1779630592773:410
[  273678ms] [LOG] Auto-saving position for chapter 3 : {paragraphIndex: 2, isPlaying: false, timestamp: 2026-05-24T13:53:53.215Z} @ http://localhost:5174/src/app/screens/ReadingScreen.tsx?t=1779630592773:410
[  275673ms] [LOG] Auto-saving position for chapter 3 : {paragraphIndex: 2, isPlaying: false, timestamp: 2026-05-24T13:53:55.210Z} @ http://localhost:5174/src/app/screens/ReadingScreen.tsx?t=1779630592773:410
[  277667ms] [LOG] Auto-saving position for chapter 3 : {paragraphIndex: 2, isPlaying: false, timestamp: 2026-05-24T13:53:57.205Z} @ http://localhost:5174/src/app/screens/ReadingScreen.tsx?t=1779630592773:410
[  279675ms] [LOG] Auto-saving position for chapter 3 : {paragraphIndex: 2, isPlaying: false, timestamp: 2026-05-24T13:53:59.213Z} @ http://localhost:5174/src/app/screens/ReadingScreen.tsx?t=1779630592773:410
[  281668ms] [LOG] [MediaService] Silent audio paused @ http://localhost:5174/src/lib/mediaService.ts:84
[  281668ms] [LOG] [Cleanup] Final save paragraph index: 2 @ http://localhost:5174/src/app/screens/ReadingScreen.tsx?t=1779630592773:424
[  281668ms] [LOG] Cleanup: Final save for chapter 3 : {paragraphIndex: 2, isPlaying: false, timestamp: 2026-05-24T13:54:01.206Z} @ http://localhost:5174/src/app/screens/ReadingScreen.tsx?t=1779630592773:433
[  281669ms] [LOG] [ReadingScreen] Initializing media session for: Chương 3: Đấu La đại lục (3) @ http://localhost:5174/src/app/screens/ReadingScreen.tsx?t=1779630840945:233
[  281669ms] [LOG] [ReadingScreen] Capacitor platform: web @ http://localhost:5174/src/app/screens/ReadingScreen.tsx?t=1779630840945:234
[  281670ms] [LOG] [ReadingScreen] Is native: false @ http://localhost:5174/src/app/screens/ReadingScreen.tsx?t=1779630840945:235
[  281670ms] [LOG] Media Session initialized: {title: Chương 3: Đấu La đại lục (3), artist: Đấu La Đại Lục} @ http://localhost:5174/src/lib/mediaService.ts:32
[  281670ms] [LOG] Media Session handlers set @ http://localhost:5174/src/lib/mediaService.ts:48
[  281670ms] [LOG] [ReadingScreen] Skipping audio service (web platform or service unavailable) @ http://localhost:5174/src/app/screens/ReadingScreen.tsx?t=1779630840945:255
[  281670ms] [LOG] [MediaService] Silent audio paused @ http://localhost:5174/src/lib/mediaService.ts:84
[  281672ms] [LOG] Restoring position for chapter 3 : {paragraphIndex: 2, isPlaying: false, timestamp: 2026-05-24T13:54:01.206Z} @ http://localhost:5174/src/app/screens/ReadingScreen.tsx?t=1779630840945:585
[  281672ms] [LOG] Position restored, paragraphIndex: 2 isPlaying: false @ http://localhost:5174/src/app/screens/ReadingScreen.tsx?t=1779630840945:515
[  281679ms] [LOG] [Cache] Loaded chapter 3 from local cache @ http://localhost:5174/src/app/screens/ReadingScreen.tsx?t=1779630840945:631
[  281682ms] [LOG] [Cleanup] Final save paragraph index: 2 @ http://localhost:5174/src/app/screens/ReadingScreen.tsx?t=1779630840945:424
[  281682ms] [LOG] Cleanup: Final save for chapter 3 : {paragraphIndex: 2, isPlaying: false, timestamp: 2026-05-24T13:54:01.219Z} @ http://localhost:5174/src/app/screens/ReadingScreen.tsx?t=1779630840945:433
[  281682ms] [LOG] [MediaService] Silent audio paused @ http://localhost:5174/src/lib/mediaService.ts:84
[  281683ms] [LOG] Restoring position for chapter 3 : {paragraphIndex: 2, isPlaying: false, timestamp: 2026-05-24T13:54:01.219Z} @ http://localhost:5174/src/app/screens/ReadingScreen.tsx?t=1779630840945:585
[  281683ms] [LOG] Position restored, paragraphIndex: 2 isPlaying: false @ http://localhost:5174/src/app/screens/ReadingScreen.tsx?t=1779630840945:515
[  282223ms] [LOG] [ReadingScreen] Initializing media session for: Chương 3: Đấu La đại lục (3) @ http://localhost:5174/src/app/screens/ReadingScreen.tsx?t=1779630840945:233
[  282223ms] [LOG] [ReadingScreen] Capacitor platform: web @ http://localhost:5174/src/app/screens/ReadingScreen.tsx?t=1779630840945:234
[  282223ms] [LOG] [ReadingScreen] Is native: false @ http://localhost:5174/src/app/screens/ReadingScreen.tsx?t=1779630840945:235
[  282224ms] [LOG] Media Session initialized: {title: Chương 3: Đấu La đại lục (3), artist: Đấu La Đại Lục} @ http://localhost:5174/src/lib/mediaService.ts:32
[  282224ms] [LOG] Media Session handlers set @ http://localhost:5174/src/lib/mediaService.ts:48
[  282224ms] [LOG] [ReadingScreen] Skipping audio service (web platform or service unavailable) @ http://localhost:5174/src/app/screens/ReadingScreen.tsx?t=1779630840945:255
[  283697ms] [LOG] Auto-saving position for chapter 3 : {paragraphIndex: 2, isPlaying: false, timestamp: 2026-05-24T13:54:03.234Z} @ http://localhost:5174/src/app/screens/ReadingScreen.tsx?t=1779630840945:410
[  285694ms] [LOG] Auto-saving position for chapter 3 : {paragraphIndex: 2, isPlaying: false, timestamp: 2026-05-24T13:54:05.232Z} @ http://localhost:5174/src/app/screens/ReadingScreen.tsx?t=1779630840945:410
[  286647ms] [LOG] [MediaService] Silent audio paused @ http://localhost:5174/src/lib/mediaService.ts:84
[  286647ms] [LOG] [Cleanup] Final save paragraph index: 2 @ http://localhost:5174/src/app/screens/ReadingScreen.tsx?t=1779630840945:424
[  286647ms] [LOG] Cleanup: Final save for chapter 3 : {paragraphIndex: 2, isPlaying: false, timestamp: 2026-05-24T13:54:06.185Z} @ http://localhost:5174/src/app/screens/ReadingScreen.tsx?t=1779630840945:433
[  286648ms] [LOG] [ReadingScreen] Initializing media session for: Chương 3: Đấu La đại lục (3) @ http://localhost:5174/src/app/screens/ReadingScreen.tsx?t=1779630845996:233
[  286648ms] [LOG] [ReadingScreen] Capacitor platform: web @ http://localhost:5174/src/app/screens/ReadingScreen.tsx?t=1779630845996:234
[  286648ms] [LOG] [ReadingScreen] Is native: false @ http://localhost:5174/src/app/screens/ReadingScreen.tsx?t=1779630845996:235
[  286648ms] [LOG] Media Session initialized: {title: Chương 3: Đấu La đại lục (3), artist: Đấu La Đại Lục} @ http://localhost:5174/src/lib/mediaService.ts:32
[  286648ms] [LOG] Media Session handlers set @ http://localhost:5174/src/lib/mediaService.ts:48
[  286648ms] [LOG] [ReadingScreen] Skipping audio service (web platform or service unavailable) @ http://localhost:5174/src/app/screens/ReadingScreen.tsx?t=1779630845996:255
[  286648ms] [LOG] [MediaService] Silent audio paused @ http://localhost:5174/src/lib/mediaService.ts:84
[  286649ms] [LOG] Restoring position for chapter 3 : {paragraphIndex: 2, isPlaying: false, timestamp: 2026-05-24T13:54:06.185Z} @ http://localhost:5174/src/app/screens/ReadingScreen.tsx?t=1779630845996:585
[  286649ms] [LOG] Position restored, paragraphIndex: 2 isPlaying: false @ http://localhost:5174/src/app/screens/ReadingScreen.tsx?t=1779630845996:515
[  286654ms] [LOG] [Cache] Loaded chapter 3 from local cache @ http://localhost:5174/src/app/screens/ReadingScreen.tsx?t=1779630845996:631
[  286658ms] [LOG] [Cleanup] Final save paragraph index: 2 @ http://localhost:5174/src/app/screens/ReadingScreen.tsx?t=1779630845996:424
[  286658ms] [LOG] Cleanup: Final save for chapter 3 : {paragraphIndex: 2, isPlaying: false, timestamp: 2026-05-24T13:54:06.196Z} @ http://localhost:5174/src/app/screens/ReadingScreen.tsx?t=1779630845996:433
[  286659ms] [LOG] [MediaService] Silent audio paused @ http://localhost:5174/src/lib/mediaService.ts:84
[  286659ms] [LOG] Restoring position for chapter 3 : {paragraphIndex: 2, isPlaying: false, timestamp: 2026-05-24T13:54:06.196Z} @ http://localhost:5174/src/app/screens/ReadingScreen.tsx?t=1779630845996:585
[  286659ms] [LOG] Position restored, paragraphIndex: 2 isPlaying: false @ http://localhost:5174/src/app/screens/ReadingScreen.tsx?t=1779630845996:515
[  286736ms] [LOG] [ReadingScreen] Initializing media session for: Chương 3: Đấu La đại lục (3) @ http://localhost:5174/src/app/screens/ReadingScreen.tsx?t=1779630845996:233
[  286736ms] [LOG] [ReadingScreen] Capacitor platform: web @ http://localhost:5174/src/app/screens/ReadingScreen.tsx?t=1779630845996:234
[  286736ms] [LOG] [ReadingScreen] Is native: false @ http://localhost:5174/src/app/screens/ReadingScreen.tsx?t=1779630845996:235
[  286736ms] [LOG] Media Session initialized: {title: Chương 3: Đấu La đại lục (3), artist: Đấu La Đại Lục} @ http://localhost:5174/src/lib/mediaService.ts:32
[  286736ms] [LOG] Media Session handlers set @ http://localhost:5174/src/lib/mediaService.ts:48
[  286737ms] [LOG] [ReadingScreen] Skipping audio service (web platform or service unavailable) @ http://localhost:5174/src/app/screens/ReadingScreen.tsx?t=1779630845996:255
[  288664ms] [LOG] Auto-saving position for chapter 3 : {paragraphIndex: 2, isPlaying: false, timestamp: 2026-05-24T13:54:08.201Z} @ http://localhost:5174/src/app/screens/ReadingScreen.tsx?t=1779630845996:410
[  290671ms] [LOG] Auto-saving position for chapter 3 : {paragraphIndex: 2, isPlaying: false, timestamp: 2026-05-24T13:54:10.209Z} @ http://localhost:5174/src/app/screens/ReadingScreen.tsx?t=1779630845996:410
[  292669ms] [LOG] Auto-saving position for chapter 3 : {paragraphIndex: 2, isPlaying: false, timestamp: 2026-05-24T13:54:12.207Z} @ http://localhost:5174/src/app/screens/ReadingScreen.tsx?t=1779630845996:410
[  294671ms] [LOG] Auto-saving position for chapter 3 : {paragraphIndex: 2, isPlaying: false, timestamp: 2026-05-24T13:54:14.209Z} @ http://localhost:5174/src/app/screens/ReadingScreen.tsx?t=1779630845996:410
[  296673ms] [LOG] Auto-saving position for chapter 3 : {paragraphIndex: 2, isPlaying: false, timestamp: 2026-05-24T13:54:16.211Z} @ http://localhost:5174/src/app/screens/ReadingScreen.tsx?t=1779630845996:410
[  298666ms] [LOG] Auto-saving position for chapter 3 : {paragraphIndex: 2, isPlaying: false, timestamp: 2026-05-24T13:54:18.203Z} @ http://localhost:5174/src/app/screens/ReadingScreen.tsx?t=1779630845996:410
